湖南卫视,http://hlsal-ldvt.qing.mgtv.com/nn_live/nn_x64/Y2RuZXhfaWQ9YWxfaGxzX2xkdnQmZT02OTE0NjA0JnY9MSZpZD1ITldTWkdTVCZzPTcwN2RiYTc2YzJjNmJmMTQ4MmUyZGYzOWU2NWM3YWFi/HNWSZGST.m3u8
湖南卫视,http://182.150.112.112:2025/hls/57/index.m3u8
湖南卫视,https://hlsbkmgsplive.miguvideo.com/wd-hunanhd-2500/01.m3u8?&HlsSubType=&encrypt=
湖南卫视,https://hlsbkmgsplive.miguvideo.com/wd-hunanhd-1200/01.m3u8?&HlsSubType=&encrypt=
浙江卫视,http://ali-xwl.cztv.com/live/channel011080Plxw.m3u8
浙江卫视,http://ali-xwl.cztv.com/live/channel01720Plxw.m3u8
江苏卫视,http://hlsztemgsplive.miguvideo.com:8080/wd_r2/cctv/jiangsuhd/1200/01.m3u8?msisdn=be48502fb6cf2d362fc0c39d49c0bc44&mdspid=&spid=699067&netType=0&sid=5500199408&pid=2028597139&timestamp=20261009065921&Channel_ID=0116_2600034600-99000-201600010015591&ProgramID=623899368&ParentNodeID=-99&assertID=5500199408&client_ip=113.6.228.8&SecurityKey=20261009065921&promotionId=&mvid=5100156802&mcid=500020&playurlVersion=WX-A1-9.9.2-SNAPSHOT&userid=&jmhm=&videocodec=h264&appCode=miguvideo_android&bean=mgspad&tid=android&conFee=0&mtv_session=6f6ca872b44f17b034ebb3a1ea90eb25&sv=10004&ct=android&HlsSubType=1&HlsProfileId=1&nphaid=0&encrypt=12c1893aed61b51531fda7bb3a95879f
江苏卫视,http://hlszymgsplive.miguvideo.com:8080/wd_r2/cctv/jiangsuhd/1200/01.m3u8?msisdn=79151dea065e592d39ce67d9b2431489&mdspid=&spid=699067&netType=0&sid=5500199408&pid=2028597139&timestamp=20261009062311&Channel_ID=0116_2600034600-99000-201600010048021&ProgramID=623899368&ParentNodeID=-99&assertID=5500199408&client_ip=36.133.4.242&SecurityKey=20261009062311&promotionId=&mvid=5100156802&mcid=500020&playurlVersion=WX-A1-9.9.2-SNAPSHOT&userid=&jmhm=&videocodec=h264&appCode=miguvideo_android&bean=mgspad&tid=android&conFee=0&mtv_session=1e11dfd5ed944137a3f2abb95c69c1e4&sv=10004&ct=android&HlsSubType=1&HlsProfileId=1&nphaid=0&encrypt=8bde4ee950ebd7e4e39b8f70d5ec82e6
江苏卫视,http://hlsztemgsplive.miguvideo.com:8080/wd_r2/cctv/jiangsuhd/1200/01.m3u8?msisdn=939b701068de47f5c05a3ec6aec601e7&mdspid=&spid=699067&netType=0&sid=5500199408&pid=2028597139&timestamp=20261009065741&Channel_ID=0116_2600034600-99000-201600010029459&ProgramID=623899368&ParentNodeID=-99&assertID=5500199408&client_ip=125.211.195.21&SecurityKey=20261009065741&promotionId=&mvid=5100156802&mcid=500020&playurlVersion=WX-A1-9.9.2-SNAPSHOT&userid=&jmhm=&videocodec=h264&appCode=miguvideo_android&bean=mgspad&tid=android&conFee=0&mtv_session=490e141b5735c0b0d9b72408d8ccbb74&sv=10004&ct=android&HlsSubType=1&HlsProfileId=1&nphaid=0&encrypt=a6fe8511c7d7948a15524c44d65d9ea2
江苏卫视,http://hlszymgsplive.miguvideo.com:8080/wd_r2/cctv/jiangsuhd/1200/01.m3u8?msisdn=f2f578c7a16aeac862e63cb443f56ad0&mdspid=&spid=699067&netType=0&sid=5500199408&pid=2028597139&timestamp=20261009065949&Channel_ID=0116_2600034600-99000-201600010036756&ProgramID=623899368&ParentNodeID=-99&assertID=5500199408&client_ip=113.6.228.9&SecurityKey=20261009065949&promotionId=&mvid=5100156802&mcid=500020&playurlVersion=WX-A1-9.9.2-SNAPSHOT&userid=&jmhm=&videocodec=h264&appCode=miguvideo_android&bean=mgspad&tid=android&conFee=0&mtv_session=9fbf53672517707783e17c3ab427c995&sv=10004&ct=android&HlsSubType=1&HlsProfileId=1&nphaid=0&encrypt=157e00ee542262be57876f60bb0f25b9
江苏卫视,http://hlszymgsplive.miguvideo.com:8080/wd_r2/cctv/jiangsuhd/1200/01.m3u8?msisdn=939b701068de47f5c05a3ec6aec601e7&mdspid=&spid=699067&netType=0&sid=5500199408&pid=2028597139&timestamp=20261009065710&Channel_ID=0116_2600034600-99000-201600010060304&ProgramID=623899368&ParentNodeID=-99&assertID=5500199408&client_ip=125.211.195.19&SecurityKey=20261009065710&promotionId=&mvid=5100156802&mcid=500020&playurlVersion=WX-A1-9.9.2-SNAPSHOT&userid=&jmhm=&videocodec=h264&appCode=miguvideo_android&bean=mgspad&tid=android&conFee=0&mtv_session=a719a55fd0a2167db389f4cc9ce39c86&sv=10004&ct=android&HlsSubType=1&HlsProfileId=1&nphaid=0&encrypt=665351b3d12cb1666257dacbb89d8d96
江苏卫视,http://hlszymgsplive.miguvideo.com:8080/wd_r2/cctv/jiangsuhd/1200/01.m3u8?msisdn=e9dd2a6c5941d9f4f8c3a62b933964ec&mdspid=&spid=699067&netType=0&sid=5500199408&pid=2028597139&timestamp=20261009065836&Channel_ID=0116_2600034600-99000-201600010081420&ProgramID=623899368&ParentNodeID=-99&assertID=5500199408&client_ip=113.6.228.6&SecurityKey=20261009065836&promotionId=&mvid=5100156802&mcid=500020&playurlVersion=WX-A1-9.9.2-SNAPSHOT&userid=&jmhm=&videocodec=h264&appCode=miguvideo_android&bean=mgspad&tid=android&conFee=0&mtv_session=247c684c411e3e4d60505e15fa48c39c&sv=10004&ct=android&HlsSubType=1&HlsProfileId=1&nphaid=0&encrypt=d838c5952d99de47736885418eed3147
江苏卫视,https://hlsbkmgsplive.miguvideo.com/migu/kailu/jswshd265/55/20200407/01.m3u8?&HlsSubType=&encrypt=
东方卫视,http://hlszymgsplive.miguvideo.com:8080/wd_r4/dfl/dongfangwshd/1200/01.m3u8?msisdn=79151dea065e592d39ce67d9b2431489&mdspid=&spid=600697&netType=0&sid=5910022185&pid=2028597139&timestamp=20261009062515&Channel_ID=0116_2600034600-99000-201600010007040&ProgramID=651632648&ParentNodeID=-99&assertID=5910022185&client_ip=36.134.87.150&SecurityKey=20261009062515&promotionId=&mvid=5100043384&mcid=500020&playurlVersion=WX-A1-9.9.2-SNAPSHOT&userid=&jmhm=&videocodec=h264&appCode=miguvideo_android&bean=mgspad&tid=android&conFee=0&mtv_session=67fd4178278c7ef385f9379d029ba1eb&sv=10004&ct=android&HlsSubType=1&HlsProfileId=1&nphaid=0&encrypt=0e8c212a326e659b8bc7e472c9b21409
东方卫视,http://by4.nty.tv189.cn/live/tm-xpdfws-4000k.m3u8
广东卫视,http://hlszymgsplive.miguvideo.com:8080/ws_w/2018/gdws/gdws711/1000/01.m3u8?msisdn=939b701068de47f5c05a3ec6aec601e7&mdspid=&spid=699054&netType=0&sid=2202428795&pid=2028597139&timestamp=20261009065639&Channel_ID=0116_2600034600-99000-201600010013001&ProgramID=608831231&ParentNodeID=-99&assertID=2202428795&client_ip=125.211.195.18&SecurityKey=20261009065639&promotionId=&mvid=2202428795&mcid=500020&playurlVersion=WX-A1-9.9.2-SNAPSHOT&userid=&jmhm=&videocodec=h264&appCode=miguvideo_android&bean=mgspad&tid=android&conFee=0&mtv_session=a0ec111e6b347c07d9197a297883de0e&sv=10004&ct=android&HlsSubType=1&HlsProfileId=1&nphaid=0&encrypt=48fe72c3283e29f41a4d6a5e80f0290f
广东卫视,http://hlsztemgsplive.miguvideo.com:8080/ws_w/2018/gdws/gdws711/1000/01.m3u8?msisdn=939b701068de47f5c05a3ec6aec601e7&mdspid=&spid=699054&netType=0&sid=2202428795&pid=2028597139&timestamp=20261009065452&Channel_ID=0116_2600034600-99000-201600010063542&ProgramID=608831231&ParentNodeID=-99&assertID=2202428795&client_ip=125.211.195.15&SecurityKey=20261009065452&promotionId=&mvid=2202428795&mcid=500020&playurlVersion=WX-A1-9.9.2-SNAPSHOT&userid=&jmhm=&videocodec=h264&appCode=miguvideo_android&bean=mgspad&tid=android&conFee=0&mtv_session=64a23977833028473e21db5b81900576&sv=10004&ct=android&HlsSubType=1&HlsProfileId=1&nphaid=0&encrypt=2442659a6f5385136ae3935c9c0f213e
广东卫视,http://hlszymgsplive.miguvideo.com:8080/ws_w/2018/gdws/gdws711/1000/01.m3u8?msisdn=939b701068de47f5c05a3ec6aec601e7&mdspid=&spid=699054&netType=0&sid=2202428795&pid=2028597139&timestamp=20261009065608&Channel_ID=0116_2600034600-99000-201600010075024&ProgramID=608831231&ParentNodeID=-99&assertID=2202428795&client_ip=125.211.195.17&SecurityKey=20261009065608&promotionId=&mvid=2202428795&mcid=500020&playurlVersion=WX-A1-9.9.2-SNAPSHOT&userid=&jmhm=&videocodec=h264&appCode=miguvideo_android&bean=mgspad&tid=android&conFee=0&mtv_session=6b7333ada46c6f6044893722b9448d5b&sv=10004&ct=android&HlsSubType=1&HlsProfileId=1&nphaid=0&encrypt=98a59fce26b83c95219cb3a71548aab3
广东卫视,http://hlszymgsplive.miguvideo.com:8080/ws_w/2018/gdws/gdws711/1000/01.m3u8?msisdn=939b701068de47f5c05a3ec6aec601e7&mdspid=&spid=699054&netType=0&sid=2202428795&pid=2028597139&timestamp=20261009065535&Channel_ID=0116_2600034600-99000-201600010078330&ProgramID=608831231&ParentNodeID=-99&assertID=2202428795&client_ip=125.211.195.16&SecurityKey=20261009065535&promotionId=&mvid=2202428795&mcid=500020&playurlVersion=WX-A1-9.9.2-SNAPSHOT&userid=&jmhm=&videocodec=h264&appCode=miguvideo_android&bean=mgspad&tid=android&conFee=0&mtv_session=e41cee2ba392d0a3fc6ad2febb40425b&sv=10004&ct=android&HlsSubType=1&HlsProfileId=1&nphaid=0&encrypt=db6ee72b5a230c7180b910c43d9ac5ae
广东卫视,http://hlsztemgsplive.miguvideo.com:8080/ws_w/2018/gdws/gdws711/1000/01.m3u8?msisdn=79151dea065e592d39ce67d9b2431489&mdspid=&spid=699054&netType=0&sid=2202428795&pid=2028597139&timestamp=20261009062617&Channel_ID=0116_2600034600-99000-201600010085019&ProgramID=608831231&ParentNodeID=-99&assertID=2202428795&client_ip=36.134.87.243&SecurityKey=20261009062617&promotionId=&mvid=2202428795&mcid=500020&playurlVersion=WX-A1-9.9.2-SNAPSHOT&userid=&jmhm=&videocodec=h264&appCode=miguvideo_android&bean=mgspad&tid=android&conFee=0&mtv_session=9e852ef2d9488dcf0a0cecb4f0002eb7&sv=10004&ct=android&HlsSubType=1&HlsProfileId=1&nphaid=0&encrypt=afef95bffc319c6a87fa804e017c4214
广东卫视,http://by4.nty.tv189.cn/live/tm-ysgdws-4000k.m3u8
深圳卫视,http://182.150.112.112:2025/hls/59/index.m3u8
北京卫视,http://hlszymgsplive.miguvideo.com:8080/migu/kailu/bjws/51/20251127/01.m3u8?msisdn=79151dea065e592d39ce67d9b2431489&mdspid=&spid=600697&netType=0&sid=5910022306&pid=2028597139&timestamp=20261009062444&Channel_ID=0116_2600034600-99000-201600010087418&ProgramID=630287636&ParentNodeID=-99&assertID=5910022306&client_ip=36.134.87.38&SecurityKey=20261009062444&promotionId=&mvid=5101042960&mcid=500020&playurlVersion=WX-A1-9.9.2-SNAPSHOT&userid=&jmhm=&videocodec=h264&appCode=miguvideo_android&bean=mgspad&tid=android&conFee=0&mtv_session=9c3cbf69586ce2c022bd774ff518eaae&sv=10004&ct=android&HlsSubType=1&HlsProfileId=1&nphaid=0&encrypt=abbca4a8b1d6d85ee200ca6017064621
湖北卫视,http://hlszymgsplive.miguvideo.com:8080/wd_r2/2018/ocn/hubeiwshd/2000/01.m3u8?msisdn=79151dea065e592d39ce67d9b2431489&mdspid=&spid=600633&netType=0&sid=5910022163&pid=2028597139&timestamp=20261009062413&Channel_ID=0116_2600034600-99000-201600010065429&ProgramID=947472496&ParentNodeID=-99&assertID=5910022163&client_ip=36.133.188.168&SecurityKey=20261009062413&promotionId=&mvid=5900004355&mcid=500020&playurlVersion=WX-A1-9.9.2-SNAPSHOT&userid=&jmhm=&videocodec=h264&appCode=miguvideo_android&bean=mgspad&tid=android&conFee=0&mtv_session=730f5ca7b5e03eaa9994a3bce8f80d13&sv=10004&ct=android&HlsSubType=1&HlsProfileId=1&nphaid=0&encrypt=643a9890b8cc4b5d59f872a62fd001e1
湖北卫视,http://by4.nty.tv189.cn/live/tm-dxhbws-4000k.m3u8
安徽卫视,http://114.242.62.109:888/hls/31/index.m3u8
天津卫视,http://183.11.239.36:808/hls/42/index.m3u8
山东卫视,https://hlsbkmgsplive.miguvideo.com/wd_r4/yg/shandongwshd/3000/01.m3u8?&HlsSubType=&encrypt=
山东卫视,https://hlsbkmgsplive.miguvideo.com/wd-shandonghd-1200/01.m3u8?&HlsSubType=&encrypt=
辽宁卫视,http://hlszymgsplive.miguvideo.com:8080/wd_r2/2018/ocn/liaoningwshd/2000/01.m3u8?msisdn=79151dea065e592d39ce67d9b2431489&mdspid=&spid=600572&netType=0&sid=5910022198&pid=2028597139&timestamp=20261009062007&Channel_ID=0116_2600034600-99000-201600010022599&ProgramID=630291707&ParentNodeID=-99&assertID=5910022198&client_ip=183.240.37.200&SecurityKey=20261009062007&promotionId=&mvid=5101043014&mcid=500020&playurlVersion=WX-A1-9.9.2-SNAPSHOT&userid=&jmhm=&videocodec=h264&appCode=miguvideo_android&bean=mgspad&tid=android&conFee=0&mtv_session=5d6682a54893618e207cc911d17b8cb7&sv=10004&ct=android&HlsSubType=1&HlsProfileId=1&nphaid=0&encrypt=1e19ef0ec819d9137e516eca74384e0c
辽宁卫视,https://hlsbkmgsplive.miguvideo.com/migu/kailu/lnwshd265/54/20200407/01.m3u8?&HlsSubType=&encrypt=
黑龙江卫视,http://hlszymgsplive.miguvideo.com:8080/migu/kailu/nxjj/51/20251225/01.m3u8?msisdn=79151dea065e592d39ce67d9b2431489&mdspid=&spid=600697&netType=0&sid=5910022409&pid=2028597139&timestamp=20261009062038&Channel_ID=0116_2600034600-99000-201600010077134&ProgramID=738906901&ParentNodeID=-99&assertID=5910022409&client_ip=183.240.37.200&SecurityKey=20261009062038&promotionId=&mvid=5900004349&mcid=500020&playurlVersion=WX-A1-9.9.2-SNAPSHOT&userid=&jmhm=&videocodec=h264&appCode=miguvideo_android&bean=mgspad&tid=android&conFee=0&mtv_session=c2062955736144e3ac1c379f932f6615&sv=10004&ct=android&HlsSubType=1&HlsProfileId=1&nphaid=0&encrypt=3fd911cfb30ea2f9d3109238bd95787b
黑龙江卫视,https://idclive.hljtv.com:4430/live/hljws_own.m3u8
黑龙江卫视,http://182.150.112.112:2025/hls/66/index.m3u8
东南卫视,http://hlszymgsplive.miguvideo.com:8080/migu/kailu/dongnanws/51/20230724/01.m3u8?msisdn=f7992339478a28dac9984932cfa74e1e&mdspid=&spid=600717&netType=0&sid=5910022182&pid=2028597139&timestamp=20261009065813&Channel_ID=0116_2600034600-99000-201600010013628&ProgramID=849116810&ParentNodeID=-99&assertID=5910022182&client_ip=113.6.228.2&SecurityKey=20261009065813&promotionId=&mvid=5900006229&mcid=500020&playurlVersion=WX-A1-9.9.2-SNAPSHOT&userid=&jmhm=&videocodec=h264&appCode=miguvideo_android&bean=mgspad&tid=android&conFee=0&mtv_session=d27fea440d05035176940d942035bf72&sv=10004&ct=android&HlsSubType=1&HlsProfileId=1&nphaid=0&encrypt=dfc137a8560a9570e13e745f48fbc69e
东南卫视,http://by4.nty.tv189.cn/live/tm-dxdnws-4000k.m3u8
东南卫视,https://hlsbkmgsplive.miguvideo.com/migu/kailu/dongnanws/51/20230724/01.m3u8?&HlsSubType=&encrypt=
重庆卫视,https://hlsbkmgsplive.miguvideo.com/envivo_x/2018/SD/chongqing/1000/01.m3u8?&HlsSubType=&encrypt=
吉林卫视,https://hlsbkmgsplive.miguvideo.com/envivo_v/2018/SD/jilin/1000/01.m3u8?&HlsSubType=&encrypt=
江西卫视,http://hlszymgsplive.miguvideo.com:8080/migu/kailu/jxwshd/51/20190820/01.m3u8?msisdn=79151dea065e592d39ce67d9b2431489&mdspid=&spid=600633&netType=0&sid=5910021492&pid=2028597139&timestamp=20261009062109&Channel_ID=0116_2600034600-99000-201600010012542&ProgramID=783847495&ParentNodeID=-99&assertID=5910021492&client_ip=183.240.37.200&SecurityKey=20261009062109&promotionId=&mvid=5900004351&mcid=500020&playurlVersion=WX-A1-9.9.2-SNAPSHOT&userid=&jmhm=&videocodec=h264&appCode=miguvideo_android&bean=mgspad&tid=android&conFee=0&mtv_session=100553e5501e27245ad2a670bd3b8f18&sv=10004&ct=android&HlsSubType=1&HlsProfileId=1&nphaid=0&encrypt=d3d1c1a7bb2b9b551fb9d23d8977f9c6
兵团卫视,https://hlsbkmgsplive.miguvideo.com/migu/kailu/btws/51/20250804/01.m3u8?&HlsSubType=&encrypt=
广东移动,http://183.234.143.5:85/tsfile/live/1007_1.m3u8?key=txiptv&playlive=0&authid=0
广东移动,http://183.11.239.36:808/hls/14/index.m3u8
广东现代教育,http://183.239.226.235:9901/tsfile/live/1008_1.m3u8?key=txiptv&playlive=0&authid=0
广东嘉佳卡通,http://183.234.143.5:85/tsfile/live/1069_1.m3u8?key=txiptv&playlive=0&authid=0
广东少儿,http://183.234.143.5:85/tsfile/live/1001_1.m3u8?key=txiptv&playlive=0&authid=0
广东少儿,http://120.238.85.131:9901/tsfile/live/1018_1.m3u8?key=txiptv&playlive=0&authid=0
广东影视,http://183.234.143.5:85/tsfile/live/1034_1.m3u8?key=txiptv&playlive=0&authid=0
广东影视,https://hlsbkmgsplive.miguvideo.com/wd_r1/2018/nfmedia/nfys/1000/01.m3u8?&HlsSubType=&encrypt=
广东影视,http://120.238.85.131:9901/tsfile/live/1017_1.m3u8?key=txiptv&playlive=0&authid=0
广东经济科教,http://218.13.170.98:9901/tsfile/live/0018_1.m3u8?key=txiptv&playlive=1&authid=0
广东4K超高清,http://183.11.239.36:808/hls/9/index.m3u8
广州番禺,http://video.epaper.pybtv.cn:8080/live/rtmp_live_demo.flv
韶关综合,https://www.sgmsw.cn/videos/tv/201805/1308/SB05RIYZOU8JR418AUQOF62CAJQ08D0E/hls/live.m3u8
韶关绿色生活,https://www.sgmsw.cn/videos/tv/201805/1308/9P424TC5M000AFO13CXK6GN6BOA889D2/hls/live.m3u8
河源综合,http://tmpstream.hyrtv.cn/xwzh/sd/live.m3u8
河源公共,http://tmpstream.hyrtv.cn/hygg/sd/live.m3u8
长沙县新闻综合,https://liveplay-srs.voc.com.cn/hls/tv/203_10cdf5.m3u8
衡山综合,https://liveplay-srs.voc.com.cn/hls/tv/161_8d2e76.m3u8
龙山综合,https://liveplay-srs.voc.com.cn/hls/tv/146_f067fe.m3u8
平江综合,https://liveplay-srs.voc.com.cn/hls/tv/168_ce2a0c.m3u8
津市综合,https://liveplay-srs.voc.com.cn/hls/tv/187_2abf84.m3u8
湘潭新闻综合,http://live.hnxttv.com:9601/live/xwzh/800K/tzwj_video.m3u8
湘潭公共,http://live.hnxttv.com:9601/live/dspd/800K/tzwj_video.m3u8
花垣综合,https://liveplay-srs.voc.com.cn/hls/tv/134_d590ee.m3u8
临武综合,https://liveplay-srs.voc.com.cn/hls/tv/148_feda2f.m3u8
桂东融媒,https://liveplay-srs.voc.com.cn/hls/tv/174_6ab9f8.m3u8
衡阳县电视台,https://liveplay-srs.voc.com.cn/hls/tv/183_554704.m3u8
新化电视台,https://liveplay-srs.voc.com.cn/hls/tv/170_49c556.m3u8
桂阳新闻综合,https://liveplay-srs.voc.com.cn/hls/tv/7_7c833e.m3u8
屈原融媒体,https://liveplay-srs.voc.com.cn/hls/tv/167_0d6151.m3u8
新邵新闻综合,https://liveplay-srs.voc.com.cn/hls/tv/171_daca67.m3u8
耒阳电视台,https://liveplay-srs.voc.com.cn/hls/tv/27_e9e1e5.m3u8
永兴电视台,https://liveplay-srs.voc.com.cn/hls/tv/40_1d0ed0.m3u8
沅江电视台,https://liveplay-srs.voc.com.cn/hls/tv/163_2c7011.m3u8
蓝山电视台,https://liveplay-srs.voc.com.cn/hls/tv/26_370917.m3u8
芷江综合,https://liveplay-srs.voc.com.cn/hls/tv/20_68acda.m3u8
靖州综合,https://liveplay-srs.voc.com.cn/hls/tv/34_5156ed.m3u8
双峰电视台,https://liveplay-srs.voc.com.cn/hls/tv/131_acfb72.m3u8
嘉禾新闻综合,https://liveplay-srs.voc.com.cn/hls/tv/184_e3af1a.m3u8
城步电视台,https://liveplay-srs.voc.com.cn/hls/tv/169_b4d7a4.m3u8
衡东电视台,https://liveplay-srs.voc.com.cn/hls/tv/180_60f888.m3u8
汝城台,https://liveplay-srs.voc.com.cn/hls/tv/149_40cf24.m3u8
中方台,https://liveplay-srs.voc.com.cn/hls/tv/18_3aa230.m3u8
吉首综合,https://liveplay-srs.voc.com.cn/hls/tv/143_70175b.m3u8
安化综合,https://liveplay-srs.voc.com.cn/hls/tv/204_16cb0f.m3u8
古丈1,https://liveplay-srs.voc.com.cn/hls/tv/144_4efb38.m3u8
浙江少儿,http://ali-xwl.cztv.com/live/channel081080Plxw.m3u8
浙江少儿,http://ali-xwl.cztv.com/live/channel08720Plxw.m3u8
浙江钱江都市,http://ali-xwl.cztv.com/live/channel021080Plxw.m3u8
浙江钱江都市,http://ali-xwl.cztv.com/live/channel02720Plxw.m3u8
浙江经济生活,http://ali-xwl.cztv.com/live/channel031080Plxw.m3u8
浙江经济生活,http://ali-xwl.cztv.com/live/channel03720Plxw.m3u8
浙江民生休闲,http://ali-xwl.cztv.com/live/channel061080Plxw.m3u8
浙江民生休闲,http://ali-xwl.cztv.com/live/channel06720Plxw.m3u8
浙江新闻,http://ali-xwl.cztv.com/live/channel071080Plxw.m3u8
浙江新闻,http://ali-xwl.cztv.com/live/channel07720Plxw.m3u8
浙江教科影视,http://ali-xwl.cztv.com/live/channel041080Plxw.m3u8
浙江教科影视,http://ali-xwl.cztv.com/live/channel04720Plxw.m3u8
浙江国际,http://ali-xwl.cztv.com/live/channel101080Plxw.m3u8
浙江国际,http://ali-xwl.cztv.com/live/channel10720Plxw.m3u8
嵊州综合,http://l.cztvcloud.com/channels/lantian/SXshengzhou1/720p.m3u8
象山综合,http://l.cztvcloud.com/channels/lantian/SXxiangshan1/720p.m3u8
新昌综合,http://l.cztvcloud.com/channels/lantian/SXxinchang1/720p.m3u8
平湖新闻综合,http://l.cztvcloud.com/channels/lantian/SXpinghu1/720p.m3u8
平湖民生休闲,http://l.cztvcloud.com/channels/lantian/SXpinghu2/720p.m3u8
湖州新闻综合,http://hzcm-live.media.hugd.com/3f5fa7d64c7c46a38c6bd8ad35e836cc/65128273761b4731ae53729ea6dcf932.m3u8?auth_key=2277598215-9d21c15111244bea8d298c361d31a72e-0-d031198f58d44b0e91ba2e3f3b188865
湖州文化娱乐,http://hzcm-live.media.hugd.com/613c47f0ab0d4eaa98b21378d0db6ded/0051d31c9dd543a7825eea4e49675b2a.m3u8?auth_key=2277598059-0a5ebfa1c0dc4671b42a60810fc37039-0-fa625b7d1feab612062453c12e3c8887
湖州公共频道,http://hzcm-live.media.hugd.com/1e6b554b9ab74513958c0e1ffe664d22/9acaa7634309494cb29a85eb12136607.m3u8?auth_key=2272900830-9a2389b8bf4e49d580d4ad807423d326-0-ea78a5c7a678c436263582d368f5009e
青田电视台,http://l.cztvcloud.com/channels/lantian/SXqingtian1/720p.m3u8
余姚新闻综合,http://l.cztvcloud.com/channels/lantian/SXyuyao1/720p.m3u8
萧山综合,http://l.cztvcloud.com/channels/lantian/SXxiaoshan1/720p.m3u8
萧山生活,http://l.cztvcloud.com/channels/lantian/SXxiaoshan2/720p.m3u8
上虞新闻综合,http://l.cztvcloud.com/channels/lantian/SXshangyu1/720p.m3u8
上虞文化影视,http://l.cztvcloud.com/channels/lantian/SXshangyu2/720p.m3u8
普陀电视台,http://l.cztvcloud.com/channels/lantian/SXputuo1/720p.m3u8
庆元电视台,http://l.cztvcloud.com/channels/lantian/SXqingyuan1/720p.m3u8
东阳影视生活,http://l.cztvcloud.com/channels/lantian/SXdongyang1/720p.m3u8
兰溪新闻综合,http://l.cztvcloud.com/channels/lantian/SXlanxi1/720p.m3u8
缙云新闻综合,http://l.cztvcloud.com/channels/lantian/SXjinyun1/720p.m3u8
绍兴新闻综合,http://live.shaoxing.com.cn/video/s10001-sxtv1/index.m3u8
绍兴公共频道,http://live.shaoxing.com.cn/video/s10001-sxtv2/index.m3u8
绍兴文化影视,http://live.shaoxing.com.cn/video/s10001-sxtv3/index.m3u8
龙泉电视台,http://l.cztvcloud.com/channels/lantian/SXlongquan1/720p.m3u8
南京新闻综合,http://nklive.nbs.cn/hls/d511bc9d-a694-4453-b3a2-4fc842cc97a1/index.m3u8
南京教科,http://nklive.nbs.cn/hls/75b3c462-b831-4de7-a34b-5d3221db2069/index.m3u8
南京文旅纪录,http://nklive.nbs.cn/hls/9b2005c4-046c-422f-ba45-e6adc4f4de07/index.m3u8
南京十八生活,http://nklive.nbs.cn/hls/1173a815-bfdb-4c3c-9f73-89ec37ae7716/index.m3u8
南京少儿,http://nklive.nbs.cn/hls/e0981f3f-1a20-4a59-b8d1-17feb83a4610/index.m3u8
海门新闻综合,http://haimen-tv-hls.cm.jstv.com/haimen-tv/haimenxwzh.m3u8
海门教育人文,http://haimen-tv-hls.cm.jstv.com/haimen-tv/haimenjyrw.m3u8
海门经济生活,http://haimen-tv-hls.cm.jstv.com/haimen-tv/haimenjjzh.m3u8
沭阳综合,http://shuyang-tv-hls.cm.jstv.com/shuyang-tv/shuyangzh.m3u8
淮安公共,http://live1.habctv.com/ggpdsl/sd/live.m3u8
徐州2,http://stream3.huaihai.tv/xz2t/sd/live.m3u8
徐州3,http://stream3.huaihai.tv/xz3t/sd/live.m3u8
徐州4,http://stream3.huaihai.tv/xz4t/sd/live.m3u8
镇江新闻综合,http://zjtv-wshls.homecdn.com/live/2aa50.m3u8
镇江2,http://zjtv-wshls.homecdn.com/live/2aa16.m3u8
大丰一套,http://dafeng-tv-hls.cm.jstv.com/dafeng-tv/dafengyt.m3u8
大丰二套,http://dafeng-tv-hls.cm.jstv.com/dafeng-tv/dafenget.m3u8
如东1,http://rudong-tv-hls.cm.jstv.com/rudong-tv/rdxwzh.m3u8
无锡移动,http://m.m3u8.wifiwx.com/live/wifiwx-494.m3u8
无锡新闻综合,http://stream.thmz.com/wxtv1/sd/live.m3u8
无锡都市资讯,http://stream.thmz.com/wxtv3/sd/live.m3u8
无锡生活,http://stream.thmz.com/wxtv4/sd/live.m3u8
无锡娱乐,http://stream.thmz.com/wxtv2/sd/live.m3u8
无锡经济,http://stream.thmz.com/wxtv5/sd/live.m3u8
句容新闻综合,http://jrlive.jrntv.com/live/jrxwzh/playlist.m3u8
句容生活频道,http://jrlive.jrntv.com:80/live/shenghuo/playlist.m3u8
句容生活频道,http://jrlive.jrntv.com/live/shenghuos/playlist.m3u8
句容影视频道,http://jrlive.jrntv.com:80/live/yingshi/playlist.m3u8
句容党建频道,http://jrlive.jrntv.com:80/live/dangjian/playlist.m3u8
张家港新闻综合,http://3gvod.zjgonline.com.cn:1935/live/_definst_/xinwenzonghe_300_2/playlist.m3u8
张家港民生,http://3gvod.zjgonline.com.cn:1935/live/_definst_/shehuishenghuo_300_2/playlist.m3u8
武进生活,http://live.wjyanghu.com/live/CH2.m3u8
涟水综合,http://lianshui-tv-hls.cm.jstv.com/lianshui-tv/lsxw.m3u8
北京新闻,http://livebjsy.chinamcache.com/live/zb01.m3u8
顺义电视台,https://livebjsy.chinamcache.com/live/zb02.flv
黑龙江都市,https://idclive.hljtv.com:4430/live/dushi_hd.m3u8
黑龙江影视,https://idclive.hljtv.com:4430/live/hljys_hd.m3u8
黑龙江农业科教,https://idclive.hljtv.com:4430/live/hljgg_hd.m3u8
黑龙江少儿,https://idclive.hljtv.com:4430/live/hljse_hd.m3u8
黑龙江文体,https://idclive.hljtv.com:4430/live/hljwy_hd.m3u8
哈尔滨新闻综合,https://rmplive.hljtv.com/live/haerbin.m3u8
哈尔滨新闻综合,https://stream.hrbtv.net/xwzh/sd/live.m3u8
哈尔滨新闻综合,http://stream.hrbtv.net/xwzh/sd/live.m3u8
哈尔滨生活,https://stream.hrbtv.net/shpd/sd/live.m3u8
哈尔滨生活,http://stream.hrbtv.net/shpd/sd/live.m3u8
哈尔滨资讯,https://stream.hrbtv.net/zxpd/sd/live.m3u8
哈尔滨娱乐,http://stream.hrbtv.net/ylpd/sd/live.m3u8
哈尔滨影视,https://stream.hrbtv.net/yspd/sd/live.m3u8
哈尔滨影视,http://stream.hrbtv.net/yspd/sd/live.m3u8
伊春综合,https://masterpull.hljtv.com/live/vQtnS3vX.m3u8
伊春综合,https://rmplive.hljtv.com/live/yichun.m3u8
漠河综合,https://masterpull.hljtv.com/live/rlVvbTZN.m3u8
大庆新闻综合,https://masterpull.hljtv.com/live/4WdrZLCq.m3u8
东宁综合,https://masterpull.hljtv.com/live/UQdxnsw8.m3u8
黑河新闻综合,https://masterpull.hljtv.com/live/iyoENgSP.m3u8
鹤岗综合,https://masterpull.hljtv.com/live/rApKWXbX.m3u8
鹤岗综合,https://rmplive.hljtv.com/live/hegang.m3u8
富锦综合,https://masterpull.hljtv.com/live/wOBN3GqO.m3u8
尚志电视台,https://masterpull.hljtv.com/live/EQnKvoc9.m3u8
佳木斯新闻综合,https://masterpull.hljtv.com/live/l9wQtsVs.m3u8
齐齐哈尔新闻综合,https://masterpull.hljtv.com/live/dUi8b96l.m3u8
齐齐哈尔新闻综合,https://rmplive.hljtv.com/live/qiqihaer.m3u8
七台河新闻综合,https://masterpull.hljtv.com/live/9FZ7k2XF.m3u8
七台河新闻综合,https://rmplive.hljtv.com/live/qitaihe.m3u8
七台河新闻综合,http://live.qthnews.org.cn:1935/live/live1/800k/tzwj_video.m3u8
勃利综合,https://masterpull.hljtv.com/live/6rx9bifO.m3u8
绥化新闻综合,https://masterpull.hljtv.com/live/v4o2g1hs.m3u8
绥化新闻综合,https://liveplaysr.dbw.cn/lsdream/amzPoBP/1000/live.m3u8
绥化新闻综合,https://rmplive.hljtv.com/live/suihua.m3u8
安达综合,https://masterpull.hljtv.com/live/FsGxlDZQ.m3u8
海伦市综合,https://masterpull.hljtv.com/live/VFNlgeFO.m3u8
大兴安岭新闻综合,https://masterpull.hljtv.com/live/H2kVyS15.m3u8
大兴安岭新闻综合,https://rmplive.hljtv.com/live/daxinganling.m3u8
崇仁电视台,http://play-a2.quklive.com/live/1744277411242065.m3u8
崇仁电视台,http://play-a2.quklive.com/live/1744277411242065.flv
宁都综合,http://play-a2.quklive.com/live/1749084198822069.m3u8
宁都综合,http://play-a2.quklive.com/live/1749084198822069.flv
万载电视台1,http://play-a2.quklive.com/live/1739162440932308.m3u8
万载电视台1,http://play-a2.quklive.com/live/1739162440932308.flv
广丰电视台,https://play-a2.quklive.com/live/1754033359790055.m3u8
广丰电视台,https://play-a2.quklive.com/live/1754033359790055.flv
陕西新闻资讯,http://gxlive.snrtv.com/sx1-SD.m3u8
陕西都市青春,http://gxlive.snrtv.com/sx2-SD.m3u8
陕西银龄,http://gxlive.snrtv.com/sx3-SD.m3u8
陕西秦腔,http://gxlive.snrtv.com/sx5-SD.m3u8
陕西体育休闲,http://gxlive.snrtv.com/sx7-SD.m3u8
农林卫视,http://gxlive.snrtv.com/nlws-SD.m3u8
陕西西部电影,http://gxlive.snrtv.com/sx8-SD.m3u8
西安新闻综合,https://xatv-yt.xiancity.cn/live/1/index.m3u8
西安都市频道,https://xatv-yt.xiancity.cn/live/2/index.m3u8
西安影视频道,https://xatv-yt.xiancity.cn/live/4/index.m3u8
西安丝路频道,https://xatv-yt.xiancity.cn/live/5/index.m3u8
榆林1,https://hplayer1.juyun.tv/camera/140908134.m3u8
南宁新闻综合,http://hls.nntv.cn/nnlive/NNTV_NEWS_A.m3u8
南宁都市生活,http://hls.nntv.cn/nnlive/NNTV_METRO_A.m3u8
南宁公共,http://hls.nntv.cn/nnlive/NNTV_PUB_A.m3u8
南宁影视娱乐,http://hls.nntv.cn/nnlive/NNTV_VOD_A.m3u8
宾阳电视台,http://live.gxrb.com.cn/gx/binyang/index.m3u8
博白电视台,http://live.gxrb.com.cn/hls/a22/index.m3u8
巴马电视台,http://live.gxrb.com.cn/gx/bama/index.m3u8
黄山综合,http://hslive.hsnewsnet.com/lsdream/hve9Wjs/1000/live.m3u8
黄山公共,http://hslive.hsnewsnet.com/lsdream/iY92ady/1000/live.m3u8
宿州综合,http://live.ahsz.tv/video/s10001-szzh/index.m3u8
宿州综合,http://live.ahsz.tv/video/s10001-xwzh-hd/index.m3u8
宿州公共,http://live.ahsz.tv/video/s10001-ggpd/index.m3u8
宿州科教,http://live.ahsz.tv/video/s10001-kxjy/index.m3u8
萧县新闻综合,http://60.171.239.216:9080/hls/stream1.m3u8
萧县新闻综合,http://60.171.239.216:9080/hls/stream1.m3u8
固镇综合,http://www.guzhenm.com:7001/hls/hd-live.m3u8
固镇影视,http://www.guzhenm.com:7004/hls/hd-live.m3u8
灵璧综合,http://live.cms.anhuinews.com/video/s10003-lbtv/index.m3u8
白山新闻综合,http://stream2.jlntv.cn/baishan1/playlist.m3u8
璧山综合,http://222.179.42.129:8181/hls1.m3u8
万州三峡移民,http://123.146.162.24:8017/c2F0hmi/1000/live.m3u8
江津新闻综合,http://222.179.155.21:1935/ch1.m3u8
江津新闻综合,http://222.179.155.21:1935/ch1.m3u8
涪陵电视台,http://183.64.215.48:1002/1.m3u8
荣昌综合,http://183.64.181.25:40023/rongchang01.m3u8
甘孜综合,http://tv.drs.ganzitv.com:8100/channellive/gztv.flv
沐川综合,http://tvfile.mcrm.org.cn/nmip-media/channellive/channel103064/playlist.m3u8
凉山彝语,http://file.i0834.cn/nmpi-media/channellive/channel115044/playlist.m3u8
乐至综合,http://175.155.106.72:89/live1/live1.m3u8
广安综合,http://live1.gatv.com.cn:85/live/XWZH.m3u8
广安公共,http://live1.gatv.com.cn:85/live/GGPD_ggpdzm.m3u8
泸州1,http://m3u8.channel.luzhoubs.com/nmip-media/channellive/channel106011/playlist.m3u8
泸州2,http://m3u8.channel.luzhoubs.com/nmip-media/channellive/channel102221/playlist.m3u8
泸州3,http://m3u8.channel.luzhoubs.com/nmip-media/channellive/channel103074/playlist.m3u8
黑水综合,http://live.schstv.com:90/live/xwzh.m3u8
金川综合,http://live.jinchuanrmt.com:90/live/zhxw.m3u8
金川综合,http://live.jinchuanrmt.com:90/live/zhxw.m3u8
武胜综合,http://live2.gatv.com.cn:86/live/WS.m3u8
营山电视台,http://file.ysxtv.cn/cms/videos/nmip-media/channellive/channel1/playlist.m3u8
旺苍新闻综合,http://channel.wcrmt.cn/nmip-media/channellive/channel105268/playlist.m3u8
达川电视台,https://livepull.dachuan.org.cn/live/fmzb1653876985419.m3u8
保定1,http://jwcdnqx.hebyun.com.cn/live/jybd/1500k/tzwj_video.m3u8
保定1,http://live.bdgdw.com/channel1/sd/live.m3u8
保定2,http://jwcdnqx.hebyun.com.cn/live/bdxw1/1500k/tzwj_video.m3u8
保定3,http://jwcdnqx.hebyun.com.cn/live/bddst/1500k/tzwj_video.m3u8
邯郸新闻,https://jwcdnqx.hebyun.com.cn/live/hdxwzh/1500k/tzwj_video.m3u8
邯郸公共,https://jwcdnqx.hebyun.com.cn/live/hdgg/1500k/tzwj_video.m3u8
邯郸科教,https://jwcdnqx.hebyun.com.cn/live/hdkj/1500k/tzwj_video.m3u8
邢台综合,http://jwplay.hebyun.com.cn/live/xtsrmtzs/1500k/tzwj_video.m3u8
邢台综合,https://jwplay.hebyun.com.cn/live/xtsrmtzs/1500k/tzwj_video.m3u8
兴隆综合,https://jwcdnqx.hebyun.com.cn/live/xlzh/1500k/tzwj_video.m3u8
兴隆影视,https://jwcdnqx.hebyun.com.cn/live/xlys/1500k/tzwj_video.m3u8
兴隆影视,https://jwcdnqx.hebyun.com.cn/live/xlys/1500k/tzwj_video.m3u8
迁西综合,https://jwcdnqx.hebyun.com.cn/live/qxzhpd/1500k/tzwj_video.m3u8
迁西农业,https://jwcdnqx.hebyun.com.cn/live/qxny/1500k/tzwj_video.m3u8
张家口1,https://nlive.zjkgdcs.com:8572/live/xwzhpd.m3u8
张家口2,https://nlive.zjkgdcs.com:8572/live/zjktv2.m3u8
青县综合,http://jwcdnqx.hebyun.com.cn/live/qxtvlive1/1500k/tzwj_video.m3u8
海峡卫视,https://hlsbkmgsplive.miguvideo.com/migu/kailu/haixiaws/51/20230724/01.m3u8?&HlsSubType=&encrypt=
福州新闻综合,http://live.zohi.tv/video/s10001-fztv-1/index.m3u8
福州少儿,http://live.zohi.tv/video/s10001-fztv-4/index.m3u8
漳浦综合,http://183.250.71.80:8090/hls/0/index.m3u8
云霄综合,http://live.zzyxxw.com:85/live/xwzh.m3u8
武术世界,http://live.dxhmt.cn:9080/live/yshnpre.m3u8
梨园频道,http://live.dxhmt.cn:9080/19903718786/3159ec673c114135816d45dd52ad7396.m3u8
移动戏曲,http://live.dxhmt.cn:9080/19903718786/a9aab4c5eef74da18d684c75c6dd7e10.m3u8
河南曲艺,http://live.dxhmt.cn:9080/19903718786/854deb36f8db4c9098cad18cc35bd632.m3u8
郑州教育,https://livezzutv.chinamcache.com/live/zb02.m3u8
济源综合,http://tvpull.dxhmt.cn:9081/tv/19001-1.m3u8
安阳新闻,http://zhpull.dxhmt.cn/anyang/7e3b40563af54e2f9f48e2c67c5d9fab/playlist.m3u8
安阳文旅,http://zhpull.dxhmt.cn/anyang/24edb37167474b17948c6fbaf09890b8/playlist.m3u8
兰考综合,http://tvpull.dxhmt.cn:9081/tv/10225-1.m3u8
伊川综合,http://tvpull.dxhmt.cn:9081/tv/10329-1.m3u8
周口新闻综合,http://222.136.190.68:8081/live/6520562530090312540.m3u8
焦作综合,http://zhpull.dxhmt.cn/jiaozuo/b75a92c9503e47cf9e89f7ff247b65f2/playlist.m3u8
长垣综合,http://tvpull.dxhmt.cn:9081/tv/10728-1.m3u8
开封新闻,http://tvpull.dxhmt.cn:9081/tv/10200-2.m3u8
开封文化旅游,http://tvpull.dxhmt.cn:9081/tv/10200-3.m3u8
信阳综合,http://push.xytv.cn/live/871627674812443875/index.m3u8
内黄综合,http://tvpull.dxhmt.cn:9081/tv/10527-1.m3u8
新县电视台,http://tvpull.dxhmt.cn:9081/tv/11523-1.m3u8
淇县电视台,http://tvpull.dxhmt.cn:9081/tv/10622-1.m3u8
汤阴综合,http://tvpull.dxhmt.cn:9081/tv/10523-1.m3u8
新乡县综合,http://tvpull.dxhmt.cn:9081/tv/10721-1.m3u8
舞钢综合,http://tvpull.dxhmt.cn:9081/tv/10481-1.m3u8
鹤壁新闻,http://pili-live-hls.hebitv.com/hebi/hbtv.m3u8
灵宝新闻综合,http://tvpull.dxhmt.cn:9081/tv/11282-1.m3u8
淮滨综合,http://tvpull.dxhmt.cn:9081/tv/11527-1.m3u8
光山综合,http://tvpull.dxhmt.cn:9081/tv/11522-1.m3u8
滑县TV1,http://tvpull.dxhmt.cn:9081/tv/10526-1.m3u8
滑县TV2,http://tvpull.dxhmt.cn:9081/tv/10526-2.m3u8
清丰电视台,http://tvpull.dxhmt.cn:9081/tv/10922-1.m3u8
通许综合,http://tvpull.dxhmt.cn:9081/tv/10222-1.m3u8
沈丘新闻综合,http://tvpull.dxhmt.cn:9081/tv/11624-1.m3u8
桐柏新闻综合,http://tvpull.dxhmt.cn:9081/tv/11330-1.m3u8
夏邑综合,http://tvpull.dxhmt.cn:9081/tv/11426-1.m3u8
平兴新闻综合,http://tvpull.dxhmt.cn:9081/tv/11723-1.m3u8
偃师新闻,http://tvpull.dxhmt.cn:9081/tv/10381-1.m3u8
上街电视台,http://tvpull.dxhmt.cn:9081/tv/10106-1.m3u8
上街电视台,http://live.dxhmt.cn:9081/tv/10106-1.m3u8
沁阳新闻综合,http://tvpull.dxhmt.cn:9081/tv/10882-1.m3u8
项城电视台,http://tvpull.dxhmt.cn:9081/tv/11681-1.m3u8
汝阳新闻综合,http://tvpull.dxhmt.cn:9081/tv/10326-1.m3u8
新安新闻综合,http://tvpull.dxhmt.cn:9081/tv/10323-1.m3u8
罗山电视台,http://tvpull.dxhmt.cn:9081/tv/11521-1.m3u8
潢川电视台,http://tvpull.dxhmt.cn:9081/tv/11526-1.m3u8
上蔡1,http://tvpull.dxhmt.cn:9081/tv/11722-1.m3u8
荥阳1,http://tvpull.dxhmt.cn:9081/tv/10182-1.m3u8
荥阳1,http://live.dxhmt.cn:9081/tv/10182-1.m3u8
温县融媒,http://tvpull.dxhmt.cn:9081/tv/10825-1.m3u8
建安新闻,http://tvpull.dxhmt.cn:9081/tv/11003-1.m3u8
封丘新闻综合,http://tvpull.dxhmt.cn:9081/tv/10727-1.m3u8
林州电视台,http://tvpull.dxhmt.cn:9081/tv/10581-1.m3u8
鄢陵综合,http://tvpull.dxhmt.cn:9081/tv/11024-1.m3u8
邓州新闻,http://tvpull.dxhmt.cn:9081/tv/11381-1.m3u8
社旗电视台,http://tvpull.dxhmt.cn:9081/tv/11327-1.m3u8
镇平新闻综合,http://tvpull.dxhmt.cn:9081/tv/11324-1.m3u8
孟州1,http://tvpull.dxhmt.cn:9081/tv/10883-1.m3u8
郏县综合,http://tvpull.dxhmt.cn:9081/tv/10425-1.m3u8
浚县电视台,http://tvpull.dxhmt.cn:9081/tv/10621-1.m3u8
舞阳新闻综合,http://tvpull.dxhmt.cn:9081/tv/11121-1.m3u8
渑池新闻综合,http://tvpull.dxhmt.cn:9081/tv/11221-1.m3u8
武陟新闻综合,http://tvpull.dxhmt.cn:9081/tv/10823-1.m3u8
新郑1,http://tvpull.dxhmt.cn:9081/tv/10184-1.m3u8
辉县新闻综合,http://tvpull.dxhmt.cn:9081/tv/10782-1.m3u8
永城新闻,http://tvpull.dxhmt.cn:9081/tv/11481-1.m3u8
永城新闻,http://live.dxhmt.cn:9081/tv/11481-1.m3u8
禹州综合,http://tvpull.dxhmt.cn:9081/tv/11081-1.m3u8
杞县新闻综合,http://tvpull.dxhmt.cn:9081/tv/10221-1.m3u8
林颖综合,http://tvpull.dxhmt.cn:9081/tv/11122-1.m3u8
宝丰1,http://tvpull.dxhmt.cn:9081/tv/10421-1.m3u8
新密新闻频道,http://tvpull.dxhmt.cn:9081/tv/10183-2.m3u8
荆门新闻,http://stream.jmtv.com.cn/xwzh/sd/live.m3u8
荆门教育,http://stream.jmtv.com.cn/ggsh/sd/live.m3u8
十堰经济旅游,http://p8.vzan.com/slowlive/701367497774448672/live.m3u8
江夏综合,http://59.175.226.142:280/gb28181/xwzh.m3u8
江夏综合,http://59.175.226.142:280/gb28181/xwzh.flv
宜昌综合,https://liveplay.ycrmt.cn/sxgd/zhpd.m3u8
宜昌旅游生活,https://liveplay.ycrmt.cn/sxgd/lysh.m3u8
菏泽1,http://live.hznet.tv:1935/live/live1/500K/tzwj_video.m3u8
菏泽2,http://live.hznet.tv:1935/live/live2/500K/tzwj_video.m3u8
潍坊经济生活,http://pullwftv.wftvqcm.com/live/wf2pda.m3u8
潍坊科教文化,http://pullwftv.wftvqcm.com/live/wf4pda.m3u8
烟台新闻,http://live.yantaitv.cn/live/212803c257394d429606a0815d20e3ce/710c510f5a5441cb8fc062e2dd3e1a76.m3u8
烟台公共,http://live.yantaitv.cn/live/412a6764092149faa58f80a0fd8004e9/22bbe85c960145dc95fc25e699d0fb3a-1.m3u8
五家渠综合,http://liveout.btzx.com.cn/62ds9e/d9vi5g.m3u8
晋城综合,http://live.jinnews.com.cn/xwzh/sd/live.m3u8
晋城公共,http://live.jinnews.com.cn/ggpd/sd/live.m3u8
黎城综合,http://111.53.96.67:8081/live/1/index.m3u8
古交电视台,http://pili-live-hls.189.i2863.com/i2863-189/live_189_170656.m3u8
万荣综合,http://60.222.246.220:19433/hls1.m3u8
嘉峪关综合,https://play.kankanlive.com/live/1658978094528926.m3u8
嘉峪关公共,https://play.kankanlive.com/live/1658978141553927.m3u8
金昌综合,http://play.kankanlive.com/live/1660096574549900.m3u8
金昌综合,http://play.kankanlive.com/live/1660096574549900.flv
张掖新闻,http://play.kankanlive.com/live/1675849013180979.m3u8
张掖新闻,http://play.kankanlive.com/live/1675849013180979.flv
定西综合,https://play.kankanlive.com/live/1675303871634928.m3u8
定西综合,http://play.kankanlive.com/live/1675303871634928.flv
定西文旅生活,http://play.kankanlive.com/live/1675303983674929.m3u8
定西文旅生活,http://play.kankanlive.com/live/1675303983674929.flv
天祝电视台,https://play.kankanlive.com/live/1656487214793905.m3u8
泰安综合,http://play.kankanlive.com/live/1680577080200944.m3u8
泰安综合,http://play.kankanlive.com/live/1680577080200944.flv
静宁新闻综合,https://play.kankanlive.com/live/1658194434596952.m3u8
景泰电视台,https://play.kankanlive.com/live/1624439143745981.m3u8
西和综合,https://play.kankanlive.com/live/1659926941626981.m3u8
古浪综合,http://play.kankanlive.com/live/1647934328544907.m3u8
古浪综合,http://play.kankanlive.com/live/1647934328544907.flv
临夏市电视台,http://124.152.34.102:8030/wCMq71/wCMq71_0.m3u8
永昌电视台,https://play.kankanlive.com/live/1652755738635915.m3u8
陇西电视台,https://play.kankanlive.com/live/1669881644081970.m3u8
平川电视台,http://play.kankanlive.com/live/1658907556249918.m3u8
平川电视台,http://play.kankanlive.com/live/1658907556249918.flv
岷县电视台,http://play.kankanlive.com/live/1672715401874967.m3u8
岷县电视台,http://play.kankanlive.com/live/1672715401874967.flv
庄浪电视台,https://play.kankanlive.com/live/1655107221272926.m3u8
金川电视台,http://play.kankanlive.com/live/1657360567739997.m3u8
金川电视台,http://play.kankanlive.com/live/1657360567739997.flv
安定电视台,https://play.kankanlive.com/live/1672881652415978.m3u8
安定电视台,http://play.kankanlive.com/live/1672881652415978.flv
靖远电视台,https://play.kankanlive.com/live/1658390970673988.m3u8
天祝电视台,https://play.kankanlive.com/live/1656487214793905.m3u8
天祝电视台,http://play.kankanlive.com/live/1656487214793905.m3u8
天祝电视台,http://play.kankanlive.com/live/1656487214793905.flv
靖远电视台,https://play.kankanlive.com/live/1658390970673988.m3u8
通渭电视台,http://play.kankanlive.com/live/1661761962676984.m3u8
通渭电视台,http://play.kankanlive.com/live/1661761962676984.flv
秦安电视台,https://play.kankanlive.com/live/1680577080200944.m3u8
秦安电视台,http://play.kankanlive.com/live/1680577080200944.flv
湖南卫视超清,http://hlsal-ldvt.qing.mgtv.com/nn_live/nn_x64/Y2RuZXhfaWQ9YWxfaGxzX2xkdnQmZT02OTE0NjA0JnY9MSZpZD1ITldTWkdTVCZzPTcwN2RiYTc2YzJjNmJmMTQ4MmUyZGYzOWU2NWM3YWFi/HNWSZGST.m3u8
湖南卫视超清,http://182.150.112.112:2025/hls/57/index.m3u8
湖南卫视超清,https://hlsbkmgsplive.miguvideo.com/wd-hunanhd-2500/01.m3u8?&HlsSubType=&encrypt=
湖南卫视超清,https://hlsbkmgsplive.miguvideo.com/wd-hunanhd-1200/01.m3u8?&HlsSubType=&encrypt=
浙江卫视超清,http://ali-xwl.cztv.com/live/channel011080Plxw.m3u8
浙江卫视超清,http://ali-xwl.cztv.com/live/channel01720Plxw.m3u8
江苏卫视超清,http://hlszymgsplive.miguvideo.com:8080/wd_r2/cctv/jiangsuhd/1200/01.m3u8?msisdn=79151dea065e592d39ce67d9b2431489&mdspid=&spid=699067&netType=0&sid=5500199408&pid=2028597139&timestamp=20261009062546&Channel_ID=0116_2600034600-99000-201600010032263&ProgramID=623899368&ParentNodeID=-99&assertID=5500199408&client_ip=36.134.87.107&SecurityKey=20261009062546&promotionId=&mvid=5100156802&mcid=500020&playurlVersion=WX-A1-9.9.2-SNAPSHOT&userid=&jmhm=&videocodec=h264&appCode=miguvideo_android&bean=mgspad&tid=android&conFee=0&mtv_session=0572de0f995d0f68f1baff7e39296b78&sv=10004&ct=android&HlsSubType=1&HlsProfileId=1&nphaid=0&encrypt=5880667804b9ae05dc325ef68c4f9fcd
江苏卫视超清,https://hlsbkmgsplive.miguvideo.com/migu/kailu/jswshd265/55/20200407/01.m3u8?&HlsSubType=&encrypt=
北京卫视超清,http://hlszymgsplive.miguvideo.com:8080/migu/kailu/bjws/51/20251127/01.m3u8?msisdn=79151dea065e592d39ce67d9b2431489&mdspid=&spid=600697&netType=0&sid=5910022306&pid=2028597139&timestamp=20261009062210&Channel_ID=0116_2600034600-99000-201600010030718&ProgramID=630287636&ParentNodeID=-99&assertID=5910022306&client_ip=183.240.37.202&SecurityKey=20261009062210&promotionId=&mvid=5101042960&mcid=500020&playurlVersion=WX-A1-9.9.2-SNAPSHOT&userid=&jmhm=&videocodec=h264&appCode=miguvideo_android&bean=mgspad&tid=android&conFee=0&mtv_session=aa02cbd38d9b844cd2f46f7791c77b4b&sv=10004&ct=android&HlsSubType=1&HlsProfileId=1&nphaid=0&encrypt=f1b0210e2e23c2add183aedbbb7e1f25
深圳卫视超清,http://182.150.112.112:2025/hls/59/index.m3u8
湖北卫视超清,http://hlszymgsplive.miguvideo.com:8080/wd_r2/2018/ocn/hubeiwshd/2000/01.m3u8?msisdn=79151dea065e592d39ce67d9b2431489&mdspid=&spid=600633&netType=0&sid=5910022163&pid=2028597139&timestamp=20261009062139&Channel_ID=0116_2600034600-99000-201600010060464&ProgramID=947472496&ParentNodeID=-99&assertID=5910022163&client_ip=183.240.37.201&SecurityKey=20261009062139&promotionId=&mvid=5900004355&mcid=500020&playurlVersion=WX-A1-9.9.2-SNAPSHOT&userid=&jmhm=&videocodec=h264&appCode=miguvideo_android&bean=mgspad&tid=android&conFee=0&mtv_session=f2263a61039d8d4ca49841d1fd9c029f&sv=10004&ct=android&HlsSubType=1&HlsProfileId=1&nphaid=0&encrypt=011f73b164b410093c63ac3836a94e00
湖北卫视超清,http://by4.nty.tv189.cn/live/tm-dxhbws-4000k.m3u8
广东卫视超清,http://hlszymgsplive.miguvideo.com:8080/ws_w/2018/gdws/gdws711/1000/01.m3u8?msisdn=79151dea065e592d39ce67d9b2431489&mdspid=&spid=699054&netType=0&sid=2202428795&pid=2028597139&timestamp=20261009062342&Channel_ID=0116_2600034600-99000-201600010046306&ProgramID=608831231&ParentNodeID=-99&assertID=2202428795&client_ip=36.133.188.180&SecurityKey=20261009062342&promotionId=&mvid=2202428795&mcid=500020&playurlVersion=WX-A1-9.9.2-SNAPSHOT&userid=&jmhm=&videocodec=h264&appCode=miguvideo_android&bean=mgspad&tid=android&conFee=0&mtv_session=00f198b80b80735089b82beb80a9bcff&sv=10004&ct=android&HlsSubType=1&HlsProfileId=1&nphaid=0&encrypt=c313af8d99e9441da49412f8cbda2e8c
广东卫视超清,http://by4.nty.tv189.cn/live/tm-ysgdws-4000k.m3u8
天津卫视超清,http://183.11.239.36:808/hls/42/index.m3u8
山东卫视超清,https://hlsbkmgsplive.miguvideo.com/wd_r4/yg/shandongwshd/3000/01.m3u8?&HlsSubType=&encrypt=
山东卫视超清,https://hlsbkmgsplive.miguvideo.com/wd-shandonghd-1200/01.m3u8?&HlsSubType=&encrypt=
东方卫视超清,http://hlszymgsplive.miguvideo.com:8080/wd_r4/dfl/dongfangwshd/1200/01.m3u8?msisdn=79151dea065e592d39ce67d9b2431489&mdspid=&spid=600697&netType=0&sid=5910022185&pid=2028597139&timestamp=20261009062240&Channel_ID=0116_2600034600-99000-201600010025448&ProgramID=651632648&ParentNodeID=-99&assertID=5910022185&client_ip=36.133.4.64&SecurityKey=20261009062240&promotionId=&mvid=5100043384&mcid=500020&playurlVersion=WX-A1-9.9.2-SNAPSHOT&userid=&jmhm=&videocodec=h264&appCode=miguvideo_android&bean=mgspad&tid=android&conFee=0&mtv_session=7a0c8acbb554be9cd02dd97a36eadd80&sv=10004&ct=android&HlsSubType=1&HlsProfileId=1&nphaid=0&encrypt=bebfa3ce54728dd4b34b3b965c279687
东方卫视超清,http://by4.nty.tv189.cn/live/tm-xpdfws-4000k.m3u8
安徽卫视超清,http://114.242.62.109:888/hls/31/index.m3u8
安徽卫视超清,http://43.248.116.62:1100/ws0503/ws.php?id=ahws
辽宁卫视超清,http://hlszymgsplive.miguvideo.com:8080/wd_r2/2018/ocn/liaoningwshd/2000/01.m3u8?msisdn=79151dea065e592d39ce67d9b2431489&mdspid=&spid=600572&netType=0&sid=5910022198&pid=2028597139&timestamp=20261009062007&Channel_ID=0116_2600034600-99000-201600010022599&ProgramID=630291707&ParentNodeID=-99&assertID=5910022198&client_ip=183.240.37.200&SecurityKey=20261009062007&promotionId=&mvid=5101043014&mcid=500020&playurlVersion=WX-A1-9.9.2-SNAPSHOT&userid=&jmhm=&videocodec=h264&appCode=miguvideo_android&bean=mgspad&tid=android&conFee=0&mtv_session=5d6682a54893618e207cc911d17b8cb7&sv=10004&ct=android&HlsSubType=1&HlsProfileId=1&nphaid=0&encrypt=1e19ef0ec819d9137e516eca74384e0c
辽宁卫视超清,https://hlsbkmgsplive.miguvideo.com/migu/kailu/lnwshd265/54/20200407/01.m3u8?&HlsSubType=&encrypt=
黑龙江卫视超清,http://hlszymgsplive.miguvideo.com:8080/migu/kailu/nxjj/51/20251225/01.m3u8?msisdn=79151dea065e592d39ce67d9b2431489&mdspid=&spid=600697&netType=0&sid=5910022409&pid=2028597139&timestamp=20261009062038&Channel_ID=0116_2600034600-99000-201600010077134&ProgramID=738906901&ParentNodeID=-99&assertID=5910022409&client_ip=183.240.37.200&SecurityKey=20261009062038&promotionId=&mvid=5900004349&mcid=500020&playurlVersion=WX-A1-9.9.2-SNAPSHOT&userid=&jmhm=&videocodec=h264&appCode=miguvideo_android&bean=mgspad&tid=android&conFee=0&mtv_session=c2062955736144e3ac1c379f932f6615&sv=10004&ct=android&HlsSubType=1&HlsProfileId=1&nphaid=0&encrypt=3fd911cfb30ea2f9d3109238bd95787b
黑龙江卫视超清,https://idclive.hljtv.com:4430/live/hljws_own.m3u8
黑龙江卫视超清,http://182.150.112.112:2025/hls/66/index.m3u8
东南卫视超清,http://hlszymgsplive.miguvideo.com:8080/migu/kailu/dongnanws/51/20230724/01.m3u8?msisdn=f7992339478a28dac9984932cfa74e1e&mdspid=&spid=600717&netType=0&sid=5910022182&pid=2028597139&timestamp=20261009065813&Channel_ID=0116_2600034600-99000-201600010013628&ProgramID=849116810&ParentNodeID=-99&assertID=5910022182&client_ip=113.6.228.2&SecurityKey=20261009065813&promotionId=&mvid=5900006229&mcid=500020&playurlVersion=WX-A1-9.9.2-SNAPSHOT&userid=&jmhm=&videocodec=h264&appCode=miguvideo_android&bean=mgspad&tid=android&conFee=0&mtv_session=d27fea440d05035176940d942035bf72&sv=10004&ct=android&HlsSubType=1&HlsProfileId=1&nphaid=0&encrypt=dfc137a8560a9570e13e745f48fbc69e
东南卫视超清,http://by4.nty.tv189.cn/live/tm-dxdnws-4000k.m3u8
东南卫视超清,https://hlsbkmgsplive.miguvideo.com/migu/kailu/dongnanws/51/20230724/01.m3u8?&HlsSubType=&encrypt=
江西卫视超清,http://hlszymgsplive.miguvideo.com:8080/migu/kailu/jxwshd/51/20190820/01.m3u8?msisdn=79151dea065e592d39ce67d9b2431489&mdspid=&spid=600633&netType=0&sid=5910021492&pid=2028597139&timestamp=20261009062109&Channel_ID=0116_2600034600-99000-201600010012542&ProgramID=783847495&ParentNodeID=-99&assertID=5910021492&client_ip=183.240.37.200&SecurityKey=20261009062109&promotionId=&mvid=5900004351&mcid=500020&playurlVersion=WX-A1-9.9.2-SNAPSHOT&userid=&jmhm=&videocodec=h264&appCode=miguvideo_android&bean=mgspad&tid=android&conFee=0&mtv_session=100553e5501e27245ad2a670bd3b8f18&sv=10004&ct=android&HlsSubType=1&HlsProfileId=1&nphaid=0&encrypt=d3d1c1a7bb2b9b551fb9d23d8977f9c6
湖南卫视4K,http://hlsal-ldvt.qing.mgtv.com/nn_live/nn_x64/Y2RuZXhfaWQ9YWxfaGxzX2xkdnQmZT02OTE0NjA0JnY9MSZpZD1ITldTWkdTVCZzPTcwN2RiYTc2YzJjNmJmMTQ4MmUyZGYzOWU2NWM3YWFi/HNWSZGST.m3u8
湖南卫视4K,http://hlsal-ldvt.qing.mgtv.com/nn_live/nn_x64/dWlwPTEyNy4wLjAuMSZ1aWQ9cWluZy1jbXMmbm5fdGltZXpvbmU9OCZjZG5leF9pZD1hbF9obHNfbGR2dCZ1dWlkPTliODY4NmU5ZTM2YzYwMmMmZT02OTE0NjA0JnY9MSZpZD1ITldTWkdTVCZzPTcwN2RiYTc2YzJjNmJmMTQ4MmUyZGYzOWU2NWM3YWFi/HNWSZGST.m3u8
浙江卫视4K,http://ali-xwl.cztv.com/live/channel4k2160p.m3u8
浙江卫视4K,https://bd-xwl.cztv.com/live/channel4k2160p.m3u8
更新日期: 2026-10-9 17:09:58,http://hlsztemgsplive.miguvideo.com:8080/wd_r2/cctv/cctv1hd/1200/01.m3u8?msisdn=9db64767ad97de8317c7a36e36306af9&mdspid=&spid=699004&netType=0&sid=2201057821&pid=2028597139&timestamp=20261009064520&Channel_ID=0116_2600034600-99000-201600010061654&ProgramID=608807420&ParentNodeID=-99&assertID=2201057821&client_ip=111.7.106.5&SecurityKey=20261009064520&promotionId=&mvid=2201057821&mcid=500020&playurlVersion=WX-A1-9.9.2-SNAPSHOT&userid=&jmhm=&videocodec=h264&appCode=miguvideo_android&bean=mgspad&tid=android&conFee=0&mtv_session=e358d397fcbb6fe93cd3422ab26d9698&sv=10004&ct=android&HlsSubType=1&HlsProfileId=1&nphaid=0&encrypt=e30847a5bc9eb6b41185c53b1b466d8d
